QA output created by 300

=== -blockdev with a backing file ===

Formatting 'TEST_DIR/t.IMGFMT.base', fmt=IMGFMT size=134217728
Formatting 'TEST_DIR/t.IMGFMT', fmt=IMGFMT size=134217728 backing_file=TEST_DIR/t.IMGFMT.base backing_fmt=IMGFMT
Testing: -blockdev driver=file,filename=TEST_DIR/t.IMGFMT.base,node-name=backing-file -blockdev driver=file,filename=TEST_DIR/t.IMGFMT,node-name=file -blockdev driver=IMGFMT,file=file,backing=backing-file,node-name=fmt
QEMU X.Y.Z monitor - type 'help' for more information
(qemu) savevm snap0
(qemu) info snapshots
List of snapshots present on all disks:
ID        TAG                 VM SIZE                DATE       VM CLOCK
--        snap0                  SIZE yyyy-mm-dd hh:mm:ss   00:00:00.000
(qemu) loadvm snap0
(qemu) quit

*** done
